// Jest Snapshot v1, https://goo.gl/fbAQLP

exports[`should render NotFound page correctly 1`] = `
<div>
  404 not found - 
  <Link
    replace={false}
    to="/"
  >
    Go back to homepage
  </Link>
</div>
`;
